Microchip MPLAB XC8 Compiler V2.31

Linker command line:

-W-3 --edf=C:\Program Files\Microchip\xc8\v2.31\pic\dat\en_msgs.txt -cn \
  -h+dist/default/production\motordepasso.X.production.sym \
  --cmf=dist/default/production\motordepasso.X.production.cmf -z -Q16F887 \
  -oC:\Users\Danie\AppData\Local\Temp\s844.2 \
  -Mdist/default/production/motordepasso.X.production.map -E1 \
  -ver=XC8 Compiler --acfsm=1493 -ASTACK=0110h-016Fh -pstack=STACK \
  -ACODE=00h-07FFhx4 -ASTRCODE=00h-01FFFh -ASTRING=00h-0FFhx32 \
  -ACONST=00h-0FFhx32 -AENTRY=00h-0FFhx32 -ACOMMON=070h-07Fh \
  -ABANK0=020h-06Fh -ABANK1=0A0h-0EFh -ABANK2=0110h-016Fh \
  -ABANK3=0190h-01EFh -ARAM=020h-06Fh,0A0h-0EFh,0110h-016Fh,0190h-01EFh \
  -AABS1=020h-07Fh,0A0h-0EFh,0110h-016Fh,0190h-01EFh -ASFR0=00h-01Fh \
  -ASFR1=080h-09Fh -ASFR2=0100h-010Fh -ASFR3=0180h-018Fh \
  -ACONFIG=02007h-02008h -DCONFIG=2 -AIDLOC=02000h-02003h -DIDLOC=2 \
  -AEEDATA=00h-0FFh/02100h -peeprom_data=EEDATA -DEEDATA=2 -DCODE=2 \
  -DSTRCODE=2 -DSTRING=2 -DCONST=2 -DENTRY=2 \
  -preset_vec=00h,intentry,init,end_init -ppowerup=CODE -pcinit=CODE \
  -pfunctab=ENTRY -k C:\Users\Danie\AppData\Local\Temp\s844.o \
  dist/default/production\motordepasso.X.production.o 

Object code version is 3.11

Machine type is 16F887



                Name                               Link     Load   Length Selector   Space Scale
C:\Users\Danie\AppData\Local\Temp\s844.o
                end_init                              0        0        3        0       0
                config                             2007     2007        2        0       4
dist/default/production\motordepasso.X.production.o
                cinit                               7D6      7D6       2A      FAC       0
                config                             2007     2007        2        0       4
                text5                               6B2      6B2       15      D64       0
                text4                               6C7      6C7       2E      D8E       0
                text3                               6F5      6F5       2E      DEA       0
                text2                               723      723       2E      E46       0
                text1                               681      681        D      D02       0
                maintext                            751      751       85      EA2       0
                cstackCOMMON                         70       70        A       70       1
                inittext                            69F      69F       13      D3E       0
                dataBANK0                            20       20       11       20       1
                bssBANK0                             31       31        6       20       1
                dataCOMMON                           7A       7A        3       70       1
                idataBANK0                          68E      68E       11      D1C       0
                idataCOMMON                         67E      67E        3      CFC       0

TOTAL           Name                               Link     Load   Length     Space
        CLASS   STACK          

        CLASS   CODE           
                end_init                              0        0        3         0
                cinit                               7D6      7D6       2A         0
                text5                               6B2      6B2       15         0
                text4                               6C7      6C7       2E         0
                text3                               6F5      6F5       2E         0
                text2                               723      723       2E         0
                text1                               681      681        D         0
                maintext                            751      751       85         0
                inittext                            69F      69F       13         0
                idataBANK0                          68E      68E       11         0
                idataCOMMON                         67E      67E        3         0

        CLASS   STRCODE        

        CLASS   STRING         

        CLASS   CONST          

        CLASS   ENTRY          

        CLASS   COMMON         
                cstackCOMMON                         70       70        A         1
                dataCOMMON                           7A       7A        3         1

        CLASS   BANK0          
                dataBANK0                            20       20       11         1
                bssBANK0                             31       31        6         1

        CLASS   BANK1          

        CLASS   BANK2          

        CLASS   BANK3          

        CLASS   RAM            

        CLASS   ABS1           
                abs_s1                               7E       7E        2         1

        CLASS   SFR0           

        CLASS   SFR1           

        CLASS   SFR2           

        CLASS   SFR3           

        CLASS   CONFIG         
                config                             2007     2007        2         4

        CLASS   IDLOC          

        CLASS   EEDATA         



SEGMENTS        Name                           Load    Length   Top    Selector   Space  Class     Delta

                reset_vec                      000000  000003  000003         0       0  CODE        2
                dataBANK0                      000020  000017  000037        20       1  BANK0       1
                cstackCOMMON                   000070  00000D  00007D        70       1  COMMON      1
                idataCOMMON                    00067E  000003  000681       CFC       0  CODE        2
                text1                          000681  00000D  00068E       D02       0  CODE        2
                idataBANK0                     00068E  000011  00069F       D1C       0  CODE        2
                inittext                       00069F  000013  0006B2       D3E       0  CODE        2
                text5                          0006B2  000015  0006C7       D64       0  CODE        2
                text4                          0006C7  00002E  0006F5       D8E       0  CODE        2
                text3                          0006F5  00002E  000723       DEA       0  CODE        2
                text2                          000723  00002E  000751       E46       0  CODE        2
                maintext                       000751  000085  0007D6       EA2       0  CODE        2
                cinit                          0007D6  00002A  000800       FAC       0  CODE        2


UNUSED ADDRESS RANGES

        Name                Unused          Largest block    Delta
        BANK0            0037-006F             39           1
        BANK1            00A0-00EF             50           1
        BANK2            0110-016F             60           1
        BANK3            0190-01EF             60           1
        CODE             0003-067D            67B           2
                         0800-1FFF            800
        COMMON           007D-007D              1           1
        CONST            0003-067D            100           2
                         0800-1FFF            100
        EEDATA           2100-21FF            100           2
        ENTRY            0003-067D            100           2
                         0800-1FFF            100
        IDLOC            2000-2003              4           2
        RAM              0037-006F             39           1
                         00A0-00EF             50
                         0110-016F             60
                         0190-01EF             60
        SFR0             0000-001F             20           1
        SFR1             0080-009F             20           1
        SFR2             0100-010F             10           1
        SFR3             0180-018F             10           1
        STACK            0110-016F             60           1
        STRCODE          0003-067D            67B           2
                         0800-1FFF           1800
        STRING           0003-067D            100           2
                         0800-1FFF            100

                                  Symbol Table

_LCDbits                  (abs)        0008
_PORTD                    (abs)        0008
_PORTDbits                (abs)        0008
_TRISBbits                (abs)        0086
_TRISDbits                (abs)        0088
__Habs1                   abs1         0000
__Hbank0                  bank0        0000
__Hbank1                  bank1        0000
__Hbank2                  bank2        0000
__Hbank3                  bank3        0000
__HbssBANK0               bssBANK0     0000
__Hcinit                  cinit        0800
__Hclrtext                clrtext      0000
__Hcode                   code         0000
__Hcommon                 common       0000
__Hconfig                 config       2009
__HcstackCOMMON           cstackCOMMON 0000
__HdataBANK0              dataBANK0    0000
__HdataCOMMON             dataCOMMON   0000
__Heeprom_data            eeprom_data  0000
__Hend_init               end_init     0003
__Hfunctab                functab      0000
__HidataBANK0             idataBANK0   0000
__HidataCOMMON            idataCOMMON  0000
__Hinit                   init         0000
__Hinittext               inittext     0000
__Hintentry               intentry     0000
__Hmaintext               maintext     0000
__Hpowerup                powerup      0000
__Hram                    ram          0000
__Hreset_vec              reset_vec    0000
__Hsfr0                   sfr0         0000
__Hsfr1                   sfr1         0000
__Hsfr2                   sfr2         0000
__Hsfr3                   sfr3         0000
__Hspace_0                (abs)        0800
__Hspace_1                (abs)        007D
__Hspace_2                (abs)        0000
__Hspace_3                (abs)        0000
__Hspace_4                (abs)        4010
__Hstack                  stack        0000
__Hstrings                strings      0000
__Htext                   text         0000
__Labs1                   abs1         0000
__Lbank0                  bank0        0000
__Lbank1                  bank1        0000
__Lbank2                  bank2        0000
__Lbank3                  bank3        0000
__LbssBANK0               bssBANK0     0000
__Lcinit                  cinit        07D6
__Lclrtext                clrtext      0000
__Lcode                   code         0000
__Lcommon                 common       0000
__Lconfig                 config       0000
__LcstackCOMMON           cstackCOMMON 0000
__LdataBANK0              dataBANK0    0000
__LdataCOMMON             dataCOMMON   0000
__Leeprom_data            eeprom_data  0000
__Lend_init               end_init     0000
__Lfunctab                functab      0000
__LidataBANK0             idataBANK0   0000
__LidataCOMMON            idataCOMMON  0000
__Linit                   init         0000
__Linittext               inittext     0000
__Lintentry               intentry     0000
__Lmaintext               maintext     0000
__Lpowerup                powerup      0000
__Lram                    ram          0000
__Lreset_vec              reset_vec    0000
__Lsfr0                   sfr0         0000
__Lsfr1                   sfr1         0000
__Lsfr2                   sfr2         0000
__Lsfr3                   sfr3         0000
__Lspace_0                (abs)        0000
__Lspace_1                (abs)        0000
__Lspace_2                (abs)        0000
__Lspace_3                (abs)        0000
__Lspace_4                (abs)        0000
__Lstack                  stack        0000
__Lstrings                strings      0000
__Ltext                   text         0000
__S0                      (abs)        0800
__S1                      (abs)        007D
__S2                      (abs)        0000
__S3                      (abs)        0000
___int_sp                 stack        0000
___latbits                (abs)        0002
___sp                     stack        0000
___stackhi                (abs)        0000
___stacklo                (abs)        0000
__end_of__initialization  cinit        07FC
__end_of_delay            text5        06C7
__end_of_main             maintext     07D6
__end_of_motorantpasso    text4        06F5
__end_of_motormeiopasso   text3        0723
__end_of_motorpasso       text2        0751
__end_of_motorpasso_init  text1        068E
__initialization          cinit        07D6
__pbssBANK0               bssBANK0     0031
__pcstackCOMMON           cstackCOMMON 0070
__pdataBANK0              dataBANK0    0020
__pdataCOMMON             dataCOMMON   007A
__pidataBANK0             idataBANK0   068E
__pidataCOMMON            idataCOMMON  067E
__pmaintext               maintext     0751
__ptext1                  text1        0681
__ptext2                  text2        0723
__ptext3                  text3        06F5
__ptext4                  text4        06C7
__ptext5                  text5        06B2
__size_of_delay           (abs)        0000
__size_of_main            (abs)        0000
__size_of_motorantpasso   (abs)        0000
__size_of_motormeiopasso  (abs)        0000
__size_of_motorpasso      (abs)        0000
__size_of_motorpasso_init (abs)        0000
_delay                    text5        06B2
_main                     maintext     0751
_motorantpasso            text4        06C7
_motormeiopasso           text3        06F5
_motorpasso               text2        0723
_motorpasso_init          text1        0681
_passo                    dataBANK0    0029
_passoagora               bssBANK0     0033
_passoatuaal              bssBANK0     0031
_passoatual               bssBANK0     0035
_passoos                  dataBANK0    0020
_passos                   dataBANK0    002D
btemp                     (abs)        007E
delay@t                   cstackCOMMON 0070
end_of_initialization     cinit        07FC
init_fetch0               inittext     069F
init_ram0                 inittext     06A3
intlevel0                 functab      0000
intlevel1                 functab      0000
intlevel2                 functab      0000
intlevel3                 functab      0000
intlevel4                 functab      0000
intlevel5                 functab      0000
main@estado               cstackCOMMON 0078
motorantpasso@qtdpassos   cstackCOMMON 0073
motorantpasso@t           cstackCOMMON 0075
motormeiopasso@numpaassos cstackCOMMON 0073
motormeiopasso@t          cstackCOMMON 0075
motorpasso@numpassos      cstackCOMMON 0073
motorpasso@t              cstackCOMMON 0075
reset_vec                 reset_vec    0000
start                     init         0000
start_initialization      cinit        07D6
wtemp0                    (abs)        007E


FUNCTION INFORMATION:

 *************** function _main *****************
 Defined at:
		line 12 in file "main.c"
 Parameters:    Size  Location     Type
		None
 Auto vars:     Size  Location     Type
  estado          2    8[COMMON] int 
 Return value:  Size  Location     Type
                  1    wreg      void 
 Registers used:
		wreg, fsr0l, fsr0h, status,2, status,0, pclath, cstack
 Tracked objects:
		On entry : 
		On exit  : 
		Unchanged: 
 Data sizes:     COMMON   BANK0   BANK1   BANK3   BANK2
      Params:         0       0       0       0       0
      Locals:         2       0       0       0       0
      Temps:          0       0       0       0       0
      Totals:         2       0       0       0       0
Total ram usage:        2 bytes
 Hardware stack levels required when called:    2
 This function calls:
		_motorantpasso
		_motormeiopasso
		_motorpasso
		_motorpasso_init
 This function is called by:
		Startup code after reset
 This function uses a non-reentrant model


 *************** function _motorpasso_init *****************
 Defined at:
		line 6 in file "motorpasso.c"
 Parameters:    Size  Location     Type
		None
 Auto vars:     Size  Location     Type
		None
 Return value:  Size  Location     Type
                  1    wreg      void 
 Registers used:
		None
 Tracked objects:
		On entry : 
		On exit  : 
		Unchanged: 
 Data sizes:     COMMON   BANK0   BANK1   BANK3   BANK2
      Params:         0       0       0       0       0
      Locals:         0       0       0       0       0
      Temps:          0       0       0       0       0
      Totals:         0       0       0       0       0
Total ram usage:        0 bytes
 Hardware stack levels used:    1
 This function calls:
		Nothing
 This function is called by:
		_main
 This function uses a non-reentrant model


 *************** function _motorpasso *****************
 Defined at:
		line 34 in file "motorpasso.c"
 Parameters:    Size  Location     Type
  numpassos       2    3[COMMON] int 
  t               2    5[COMMON] int 
 Auto vars:     Size  Location     Type
		None
 Return value:  Size  Location     Type
                  1    wreg      void 
 Registers used:
		wreg, fsr0l, fsr0h, status,2, status,0, pclath, cstack
 Tracked objects:
		On entry : 
		On exit  : 
		Unchanged: 
 Data sizes:     COMMON   BANK0   BANK1   BANK3   BANK2
      Params:         4       0       0       0       0
      Locals:         0       0       0       0       0
      Temps:          1       0       0       0       0
      Totals:         5       0       0       0       0
Total ram usage:        5 bytes
 Hardware stack levels used:    1
 Hardware stack levels required when called:    1
 This function calls:
		_delay
 This function is called by:
		_main
 This function uses a non-reentrant model


 *************** function _motormeiopasso *****************
 Defined at:
		line 63 in file "motorpasso.c"
 Parameters:    Size  Location     Type
  numpaassos      2    3[COMMON] int 
  t               2    5[COMMON] int 
 Auto vars:     Size  Location     Type
		None
 Return value:  Size  Location     Type
                  1    wreg      void 
 Registers used:
		wreg, fsr0l, fsr0h, status,2, status,0, pclath, cstack
 Tracked objects:
		On entry : 
		On exit  : 
		Unchanged: 
 Data sizes:     COMMON   BANK0   BANK1   BANK3   BANK2
      Params:         4       0       0       0       0
      Locals:         0       0       0       0       0
      Temps:          1       0       0       0       0
      Totals:         5       0       0       0       0
Total ram usage:        5 bytes
 Hardware stack levels used:    1
 Hardware stack levels required when called:    1
 This function calls:
		_delay
 This function is called by:
		_main
 This function uses a non-reentrant model


 *************** function _motorantpasso *****************
 Defined at:
		line 49 in file "motorpasso.c"
 Parameters:    Size  Location     Type
  qtdpassos       2    3[COMMON] int 
  t               2    5[COMMON] int 
 Auto vars:     Size  Location     Type
		None
 Return value:  Size  Location     Type
                  1    wreg      void 
 Registers used:
		wreg, fsr0l, fsr0h, status,2, status,0, pclath, cstack
 Tracked objects:
		On entry : 
		On exit  : 
		Unchanged: 
 Data sizes:     COMMON   BANK0   BANK1   BANK3   BANK2
      Params:         4       0       0       0       0
      Locals:         0       0       0       0       0
      Temps:          1       0       0       0       0
      Totals:         5       0       0       0       0
Total ram usage:        5 bytes
 Hardware stack levels used:    1
 Hardware stack levels required when called:    1
 This function calls:
		_delay
 This function is called by:
		_main
 This function uses a non-reentrant model


 *************** function _delay *****************
 Defined at:
		line 4 in file "delay.c"
 Parameters:    Size  Location     Type
  t               2    0[COMMON] unsigned int 
 Auto vars:     Size  Location     Type
		None
 Return value:  Size  Location     Type
                  1    wreg      void 
 Registers used:
		wreg, status,2, status,0
 Tracked objects:
		On entry : 
		On exit  : 
		Unchanged: 
 Data sizes:     COMMON   BANK0   BANK1   BANK3   BANK2
      Params:         2       0       0       0       0
      Locals:         0       0       0       0       0
      Temps:          1       0       0       0       0
      Totals:         3       0       0       0       0
Total ram usage:        3 bytes
 Hardware stack levels used:    1
 This function calls:
		Nothing
 This function is called by:
		_motorpasso
		_motorantpasso
		_motormeiopasso
 This function uses a non-reentrant model



MODULE INFORMATION

Module		Function		Class		Link	Load	Size
delay.c
		_delay         		CODE           	06B2	0000	21

delay.c estimated size: 21

shared
		__initialization		CODE           	07D6	0000	38

shared estimated size: 38

motorpasso.c
		_motorpasso    		CODE           	0723	0000	46
		_motormeiopasso		CODE           	06F5	0000	46
		_motorpasso_init		CODE           	0681	0000	13
		_motorantpasso 		CODE           	06C7	0000	46

motorpasso.c estimated size: 151

main.c
		_main          		CODE           	0751	0000	133

main.c estimated size: 133

